attributes:
  version: 1
messages:
  Coordinate:
  - X: i32
  - Y: i32
